// Jest Snapshot v1, https://goo.gl/fbAQLP

exports[`automatic-release process 1`] = `
Array [
  Array [
    "node",
    Array [
      "node_modules/.bin/lerna",
      "ls",
      "--json",
      "--loglevel=silent",
    ],
    Object {
      "cwd": "utils/automatic-release/lib,../../../",
    },
  ],
  Array [
    "npm",
    Array [
      "install",
      "ottheme-colors",
    ],
    Object {
      "cwd": "utils/automatic-release/lib,./tempNpm",
    },
  ],
  Array [
    "npm",
    Array [
      "install",
      "otkit-borders",
    ],
    Object {
      "cwd": "utils/automatic-release/lib,./tempNpm",
    },
  ],
  Array [
    "npm",
    Array [
      "install",
      "otkit-breakpoints",
    ],
    Object {
      "cwd": "utils/automatic-release/lib,./tempNpm",
    },
  ],
  Array [
    "npm",
    Array [
      "install",
      "otkit-colors",
    ],
    Object {
      "cwd": "utils/automatic-release/lib,./tempNpm",
    },
  ],
  Array [
    "npm",
    Array [
      "install",
      "otkit-icons",
    ],
    Object {
      "cwd": "utils/automatic-release/lib,./tempNpm",
    },
  ],
  Array [
    "npm",
    Array [
      "version",
      "patch",
      "--message",
      "patch release for ottheme-colors. New version: %s",
    ],
    Object {
      "cwd": "utils/automatic-release/lib,../../../,OTTheme/ottheme-colors",
    },
  ],
  Array [
    "npm",
    Array [
      "publish",
      "ottheme-colors",
    ],
    Object {
      "cwd": "utils/automatic-release/lib,../../../,OTTheme/ottheme-colors",
    },
  ],
  Array [
    "npm",
    Array [
      "version",
      "major",
      "--message",
      "major release for otkit-borders. New version: %s",
    ],
    Object {
      "cwd": "utils/automatic-release/lib,../../../,OTKit/otkit-borders",
    },
  ],
  Array [
    "npm",
    Array [
      "publish",
      "otkit-borders",
    ],
    Object {
      "cwd": "utils/automatic-release/lib,../../../,OTKit/otkit-borders",
    },
  ],
  Array [
    "npm",
    Array [
      "version",
      "minor",
      "--message",
      "minor release for otkit-breakpoints. New version: %s",
    ],
    Object {
      "cwd": "utils/automatic-release/lib,../../../,OTKit/otkit-breakpoints",
    },
  ],
  Array [
    "npm",
    Array [
      "publish",
      "otkit-breakpoints",
    ],
    Object {
      "cwd": "utils/automatic-release/lib,../../../,OTKit/otkit-breakpoints",
    },
  ],
  Array [
    "git",
    Array [
      "push",
      "origin",
      "master",
      "--follow-tags",
    ],
    Object {
      "cwd": "utils/automatic-release/lib,../../../",
    },
  ],
]
`;

exports[`automatic-release process 2`] = `
Array [
  "tempNpm,node_modules,ottheme-colors,token.yml",
  "tempNpm,node_modules,otkit-borders,token.yml",
  "tempNpm,node_modules,otkit-breakpoints,token.yml",
  "tempNpm,node_modules,otkit-colors,token.yml",
  "tempNpm,node_modules,otkit-icons,token.yml",
]
`;
